// Jest Snapshot v1, https://goo.gl/fbAQLP

exports[`Adder renders the component 1`] = `
<DocumentFragment>
  <div>
    <p>
      Adding numbers: [1,2,3]
    </p>
    <p>
      Yields: 6 
    </p>
  </div>
</DocumentFragment>
`;
